theorem results_eliahou_theorem_1_1 :
  forall {L : Nat} (cyc : CollatzCycle L),
  Function.Injective (CollatzCycle.seq cyc) → LT.lt (HPow.hPow (OfNat.ofNat 2) (OfNat.ofNat 40))
      (CollatzCycle.minElem cyc) →
  Exists
    (fun (a : Nat) =>
    Exists
      (fun (b : Nat) =>
      Exists
        (fun (cCoeff : Nat) =>
        And (LT.lt (OfNat.ofNat 0) b)
          (And (Eq (HMul.hMul a cCoeff) (OfNat.ofNat 0))
            (Eq (Finset.card (Finset.image (CollatzCycle.seq cyc) Finset.univ))
              (HAdd.hAdd (HAdd.hAdd (HMul.hMul (OfNat.ofNat 301994) a) (HMul.hMul (OfNat.ofNat 17087915) b))
                (HMul.hMul (OfNat.ofNat 85137581) cCoeff))))))) :=
  _

axiom propext {a b : Prop} : Iff a b → Eq a b

axiom Quot.sound.{u} {α : Sort u} {r : α → α → Prop} {a b : α} : r a b → Eq (Quot.mk r a) (Quot.mk r b)

axiom Classical.choice.{u} {α : Sort u} : Nonempty α → α

Checked 17464 declarations with no errors
