2026-09-18T16:34:25Z START module=Results declar=results_eliahou_theorem_1_1
2026-09-18T16:34:25Z START cmd: cd /Users/lordwilson/ico-collatz/targets/eliahou-collatz-bounds && lake env /Users/lordwilson/ico-collatz/targets/lean4export/.lake/build/bin/lean4export Results -- results_eliahou_theorem_1_1 > /Users/lordwilson/ico-collatz/experiments/independent-checker/eliahou-theorem-1-1.export
2026-09-18T16:34:25Z START disk: /dev/disk3s1s1   239362496  12345428   5947576    68%  458732 59475760    1%   /
2026-09-18T16:34:25Z START swap: total = 8192.00M  used = 6854.38M  free = 1337.62M  (encrypted)
2026-09-18T16:34:45Z tick elapsed=20s free_kb=5946328 export_rss_kb=4789152 out_bytes=0 swap=[total = 8192.00M  used = 6854.38M  free = 1337.62M  (encrypted)]
2026-09-18T16:35:05Z tick elapsed=40s free_kb=5875820 export_rss_kb=5537088 out_bytes=71147520 swap=[total = 8192.00M  used = 6846.38M  free = 1345.62M  (encrypted)]
2026-09-18T16:35:25Z tick elapsed=60s free_kb=5875460 export_rss_kb=1577008 out_bytes=71147520 swap=[total = 8192.00M  used = 6838.38M  free = 1353.62M  (encrypted)]
2026-09-18T16:35:45Z tick elapsed=80s free_kb=5874032 export_rss_kb=941760 out_bytes=71147520 swap=[total = 8192.00M  used = 6838.38M  free = 1353.62M  (encrypted)]
2026-09-18T16:36:05Z tick elapsed=100s free_kb=5877520 export_rss_kb=920160 out_bytes=71147520 swap=[total = 8192.00M  used = 6838.38M  free = 1353.62M  (encrypted)]
2026-09-18T16:36:25Z tick elapsed=120s free_kb=5876864 export_rss_kb=912768 out_bytes=71147520 swap=[total = 8192.00M  used = 6838.38M  free = 1353.62M  (encrypted)]
2026-09-18T16:36:45Z tick elapsed=140s free_kb=5884288 export_rss_kb=203200 out_bytes=71147520 swap=[total = 8192.00M  used = 6830.38M  free = 1361.62M  (encrypted)]
2026-09-18T16:37:05Z tick elapsed=160s free_kb=5883140 export_rss_kb=203280 out_bytes=71147520 swap=[total = 8192.00M  used = 6830.38M  free = 1361.62M  (encrypted)]
2026-09-18T16:37:25Z tick elapsed=180s free_kb=5882164 export_rss_kb=151136 out_bytes=71147520 swap=[total = 8192.00M  used = 6830.38M  free = 1361.62M  (encrypted)]
2026-09-18T16:37:45Z tick elapsed=200s free_kb=5880840 export_rss_kb=74640 out_bytes=71147520 swap=[total = 8192.00M  used = 6822.38M  free = 1369.62M  (encrypted)]
2026-09-18T16:38:05Z tick elapsed=220s free_kb=5850060 export_rss_kb=54400 out_bytes=71147520 swap=[total = 8192.00M  used = 6822.38M  free = 1369.62M  (encrypted)]
2026-09-18T16:38:25Z tick elapsed=240s free_kb=5849064 export_rss_kb=54400 out_bytes=71147520 swap=[total = 8192.00M  used = 6822.38M  free = 1369.62M  (encrypted)]
2026-09-18T16:38:45Z tick elapsed=260s free_kb=5848156 export_rss_kb=54896 out_bytes=71147520 swap=[total = 8192.00M  used = 6822.38M  free = 1369.62M  (encrypted)]
2026-09-18T16:39:05Z tick elapsed=280s free_kb=5847536 export_rss_kb=54944 out_bytes=71147520 swap=[total = 8192.00M  used = 6822.38M  free = 1369.62M  (encrypted)]
2026-09-18T16:39:25Z tick elapsed=300s free_kb=5847056 export_rss_kb=55008 out_bytes=71147520 swap=[total = 8192.00M  used = 6814.38M  free = 1377.62M  (encrypted)]
2026-09-18T16:39:45Z tick elapsed=320s free_kb=5846608 export_rss_kb=55072 out_bytes=71147520 swap=[total = 8192.00M  used = 6814.38M  free = 1377.62M  (encrypted)]
2026-09-18T16:40:05Z tick elapsed=340s free_kb=5846228 export_rss_kb=55088 out_bytes=71147520 swap=[total = 8192.00M  used = 6814.38M  free = 1377.62M  (encrypted)]
2026-09-18T16:40:26Z tick elapsed=361s free_kb=5843904 export_rss_kb=54400 out_bytes=71147520 swap=[total = 8192.00M  used = 6814.38M  free = 1377.62M  (encrypted)]
2026-09-18T16:40:46Z tick elapsed=381s free_kb=5841192 export_rss_kb=64672 out_bytes=71147520 swap=[total = 8192.00M  used = 6814.38M  free = 1377.62M  (encrypted)]
2026-09-18T16:41:06Z tick elapsed=401s free_kb=5840836 export_rss_kb=64704 out_bytes=71147520 swap=[total = 8192.00M  used = 6814.38M  free = 1377.62M  (encrypted)]
2026-09-18T16:41:26Z tick elapsed=421s free_kb=5838944 export_rss_kb=64592 out_bytes=71147520 swap=[total = 8192.00M  used = 6814.38M  free = 1377.62M  (encrypted)]
2026-09-18T16:41:46Z tick elapsed=441s free_kb=5877376 export_rss_kb=64608 out_bytes=71147520 swap=[total = 8192.00M  used = 6814.38M  free = 1377.62M  (encrypted)]
2026-09-18T16:42:06Z tick elapsed=461s free_kb=5872816 export_rss_kb=64656 out_bytes=71147520 swap=[total = 8192.00M  used = 6806.38M  free = 1385.62M  (encrypted)]
2026-09-18T16:42:26Z tick elapsed=481s free_kb=5873912 export_rss_kb=64704 out_bytes=71147520 swap=[total = 8192.00M  used = 6806.38M  free = 1385.62M  (encrypted)]
2026-09-18T16:42:46Z tick elapsed=501s free_kb=5874388 export_rss_kb=64592 out_bytes=71147520 swap=[total = 8192.00M  used = 6790.38M  free = 1401.62M  (encrypted)]
2026-09-18T16:43:06Z tick elapsed=521s free_kb=5873116 export_rss_kb=64624 out_bytes=71147520 swap=[total = 8192.00M  used = 6774.38M  free = 1417.62M  (encrypted)]
